[INFO] Scanning for projects...
[INFO] 
[INFO] ------------------------< com.yhl:rag-learning >------------------------
[INFO] Building rag-learning 0.0.1-SNAPSHOT
[INFO] --------------------------------[ jar ]---------------------------------
[INFO] 
[INFO] >>> spring-boot-maven-plugin:3.3.7:run (default-cli) > test-compile @ rag-learning >>>
[INFO] 
[INFO] --- maven-resources-plugin:3.3.1:resources (default-resources) @ rag-learning ---
[INFO] Copying 1 resource from src\main\resources to target\classes
[INFO] Copying 0 resource from src\main\resources to target\classes
[INFO] 
[INFO] --- maven-compiler-plugin:3.13.0:compile (default-compile) @ rag-learning ---
[INFO] Nothing to compile - all classes are up to date.
[INFO] 
[INFO] --- maven-resources-plugin:3.3.1:testResources (default-testResources) @ rag-learning ---
[INFO] skip non existing resourceDirectory E:\yhl\RAG\src\test\resources
[INFO] 
[INFO] --- maven-compiler-plugin:3.13.0:testCompile (default-testCompile) @ rag-learning ---
[INFO] No sources to compile
[INFO] 
[INFO] <<< spring-boot-maven-plugin:3.3.7:run (default-cli) < test-compile @ rag-learning <<<
[INFO] 
[INFO] 
[INFO] --- spring-boot-maven-plugin:3.3.7:run (default-cli) @ rag-learning ---
[INFO] Attaching agents: []

  .   ____          _            __ _ _
 /\\ / ___'_ __ _ _(_)_ __  __ _ \ \ \ \
( ( )\___ | '_ | '_| | '_ \/ _` | \ \ \ \
 \\/  ___)| |_)| | | | | || (_| |  ) ) ) )
  '  |____| .__|_| |_|_| |_\__, | / / / /
 =========|_|==============|___/=/_/_/_/

 :: Spring Boot ::                (v3.3.7)

2026-05-18T14:58:02.990+08:00  INFO 35160 --- [rag-learning] [           main] com.yhl.rag.RagLearningApplication       : Starting RagLearningApplication using Java 17.0.15 with PID 35160 (E:\yhl\RAG\target\classes started by aaa in E:\yhl\RAG)
2026-05-18T14:58:03.004+08:00  INFO 35160 --- [rag-learning] [           main] com.yhl.rag.RagLearningApplication       : No active profile set, falling back to 1 default profile: "default"
2026-05-18T14:58:04.544+08:00  INFO 35160 --- [rag-learning] [           main] o.s.b.w.embedded.tomcat.TomcatWebServer  : Tomcat initialized with port 19090 (http)
2026-05-18T14:58:04.560+08:00  INFO 35160 --- [rag-learning] [           main] o.apache.catalina.core.StandardService   : Starting service [Tomcat]
2026-05-18T14:58:04.570+08:00  INFO 35160 --- [rag-learning] [           main] o.apache.catalina.core.StandardEngine    : Starting Servlet engine: [Apache Tomcat/10.1.34]
2026-05-18T14:58:04.622+08:00  INFO 35160 --- [rag-learning] [           main] o.a.c.c.C.[Tomcat].[localhost].[/]       : Initializing Spring embedded WebApplicationContext
2026-05-18T14:58:04.624+08:00  INFO 35160 --- [rag-learning] [           main] w.s.c.ServletWebServerApplicationContext : Root WebApplicationContext: initialization completed in 1582 ms
2026-05-18T14:58:05.132+08:00  INFO 35160 --- [rag-learning] [           main] o.s.b.w.embedded.tomcat.TomcatWebServer  : Tomcat started on port 19090 (http) with context path '/'
2026-05-18T14:58:05.140+08:00  INFO 35160 --- [rag-learning] [           main] com.yhl.rag.RagLearningApplication       : Started RagLearningApplication in 2.567 seconds (process running for 2.957)
